// Jest Snapshot v1, https://goo.gl/fbAQLP

exports[`InitializeColorMode renders 1`] = `
<script
  dangerouslySetInnerHTML={
    Object {
      "__html": "(function() { try {
  var mode = localStorage.getItem('jag-ui-color-mode');
  if (!mode) return
  document.body.classList.add('jag-ui-' + mode);
} catch (e) {} })();",
    }
  }
/>
`;
